[    0.000000] Linux version 4.15.0-117-generic (buildd@lcy01-amd64-008) (gcc version 7.5.0 (Ubuntu 7.5.0-3ubuntu1~18.04)) #118-Ubuntu SMP Fri Sep 4 20:02:41 UTC 2020 (Ubuntu 4.15.0-117.118-generic 4.15.18)
[    0.000000] Command line: BOOT_IMAGE=/boot/vmlinuz-4.15.0-117-generic root=LABEL=cloudimg-rootfs ro console=tty1 console=ttyS0
[    0.000000] KERNEL supported cpus:
[    0.000000]   Intel GenuineIntel
[    0.000000]   AMD AuthenticAMD
[    0.000000]   Centaur CentaurHauls
[    0.000000] x86/fpu: Supporting XSAVE feature 0x001: 'x87 floating point registers'
[    0.000000] x86/fpu: Supporting XSAVE feature 0x002: 'SSE registers'
[    0.000000] x86/fpu: Supporting XSAVE feature 0x004: 'AVX registers'
[    0.000000] x86/fpu: xstate_offset[2]:  576, xstate_sizes[2]:  256
[    0.000000] x86/fpu: Enabled xstate features 0x7, context size is 832 bytes, using 'standard' format.
[    0.000000] e820: BIOS-provided physical RAM map:
[    0.000000] BIOS-e820: [mem 0x0000000000000000-0x000000000009fbff] usable
[    0.000000] BIOS-e820: [mem 0x000000000009fc00-0x000000000009ffff] reserved
[    0.000000] BIOS-e820: [mem 0x00000000000f0000-0x00000000000fffff] reserved
[    0.000000] BIOS-e820: [mem 0x0000000000100000-0x000000001ffeffff] usable
[    0.000000] BIOS-e820: [mem 0x000000001fff0000-0x000000001fffffff] ACPI data
[    0.000000] BIOS-e820: [mem 0x00000000fec00000-0x00000000fec00fff] reserved
[    0.000000] BIOS-e820: [mem 0x00000000fee00000-0x00000000fee00fff] reserved
[    0.000000] BIOS-e820: [mem 0x00000000fffc0000-0x00000000ffffffff] reserved
[    0.000000] NX (Execute Disable) protection: active
[    0.000000] SMBIOS 2.5 present.
[    0.000000] DMI: innotek GmbH VirtualBox/VirtualBox, BIOS VirtualBox 12/01/2006
[    0.000000] Hypervisor detected: KVM
[    0.000000] e820: last_pfn = 0x1fff0 max_arch_pfn = 0x400000000
[    0.000000] MTRR: Disabled
[    0.000000] x86/PAT: MTRRs disabled, skipping PAT initialization too.
[    0.000000] CPU MTRRs all blank - virtualized system.
[    0.000000] x86/PAT: Configuration [0-7]: WB  WT  UC- UC  WB  WT  UC- UC  
[    0.000000] found SMP MP-table at [mem 0x0009fff0-0x0009ffff]
[    0.000000] Scanning 1 areas for low memory corruption
[    0.000000] RAMDISK: [mem 0x1dbf8000-0x1eebcfff]
[    0.000000] ACPI: Early table checksum verification disabled
[    0.000000] ACPI: RSDP 0x00000000000E0000 000024 (v02 VBOX  )
[    0.000000] ACPI: XSDT 0x000000001FFF0030 00003C (v01 VBOX   VBOXXSDT 00000001 ASL  00000061)
[    0.000000] ACPI: FACP 0x000000001FFF00F0 0000F4 (v04 VBOX   VBOXFACP 00000001 ASL  00000061)
[    0.000000] ACPI: DSDT 0x000000001FFF0470 002325 (v02 VBOX   VBOXBIOS 00000002 INTL 20100528)
[    0.000000] ACPI: FACS 0x000000001FFF0200 000040
[    0.000000] ACPI: FACS 0x000000001FFF0200 000040
[    0.000000] ACPI: APIC 0x000000001FFF0240 000054 (v02 VBOX   VBOXAPIC 00000001 ASL  00000061)
[    0.000000] ACPI: SSDT 0x000000001FFF02A0 0001CC (v01 VBOX   VBOXCPUT 00000002 INTL 20100528)
[    0.000000] No NUMA configuration found
[    0.000000] Faking a node at [mem 0x0000000000000000-0x000000001ffeffff]
[    0.000000] NODE_DATA(0) allocated [mem 0x1ffc5000-0x1ffeffff]
[    0.000000] kvm-clock: cpu 0, msr 0:1ff44001, primary cpu clock
[    0.000000] kvm-clock: Using msrs 4b564d01 and 4b564d00
[    0.000000] kvm-clock: using sched offset of 3728930941 cycles
[    0.000000] clocksource: kvm-clock: mask: 0xffffffffffffffff max_cycles: 0x1cd42e4dffb, max_idle_ns: 881590591483 ns
[    0.000000] Zone ranges:
[    0.000000]   DMA      [mem 0x0000000000001000-0x0000000000ffffff]
[    0.000000]   DMA32    [mem 0x0000000001000000-0x000000001ffeffff]
[    0.000000]   Normal   empty
[    0.000000]   Device   empty
[    0.000000] Movable zone start for each node
[    0.000000] Early memory node ranges
[    0.000000]   node   0: [mem 0x0000000000001000-0x000000000009efff]
[    0.000000]   node   0: [mem 0x0000000000100000-0x000000001ffeffff]
[    0.000000] Reserved but unavailable: 98 pages
[    0.000000] Initmem setup node 0 [mem 0x0000000000001000-0x000000001ffeffff]
[    0.000000] ACPI: PM-Timer IO Port: 0x4008
[    0.000000] IOAPIC[0]: apic_id 1, version 32, address 0xfec00000, GSI 0-23
[    0.000000] ACPI: INT_SRC_OVR (bus 0 bus_irq 0 global_irq 2 dfl dfl)
[    0.000000] ACPI: INT_SRC_OVR (bus 0 bus_irq 9 global_irq 9 low level)
[    0.000000] Using ACPI (MADT) for SMP configuration information
[    0.000000] smpboot: Allowing 1 CPUs, 0 hotplug CPUs
[    0.000000] PM: Registered nosave memory: [mem 0x00000000-0x00000fff]
[    0.000000] PM: Registered nosave memory: [mem 0x0009f000-0x0009ffff]
[    0.000000] PM: Registered nosave memory: [mem 0x000a0000-0x000effff]
[    0.000000] PM: Registered nosave memory: [mem 0x000f0000-0x000fffff]
[    0.000000] e820: [mem 0x20000000-0xfebfffff] available for PCI devices
[    0.000000] Booting paravirtualized kernel on KVM
[    0.000000] clocksource: refined-jiffies: mask: 0xffffffff max_cycles: 0xffffffff, max_idle_ns: 7645519600211568 ns
[    0.000000] random: get_random_bytes called from start_kernel+0x99/0x500 with crng_init=0
[    0.000000] setup_percpu: NR_CPUS:8192 nr_cpumask_bits:1 nr_cpu_ids:1 nr_node_ids:1
[    0.000000] percpu: Embedded 45 pages/cpu s147456 r8192 d28672 u2097152
[    0.000000] PV qspinlock hash table entries: 256 (order: 0, 4096 bytes)
[    0.000000] Built 1 zonelists, mobility grouping on.  Total pages: 128889
[    0.000000] Policy zone: DMA32
[    0.000000] Kernel command line: BOOT_IMAGE=/boot/vmlinuz-4.15.0-117-generic root=LABEL=cloudimg-rootfs ro console=tty1 console=ttyS0
[    0.000000] Memory: 467112K/523832K available (12300K kernel code, 2481K rwdata, 4272K rodata, 2436K init, 2724K bss, 56720K reserved, 0K cma-reserved)
[    0.000000] SLUB: HWalign=64, Order=0-3, MinObjects=0, CPUs=1, Nodes=1
[    0.000000] Kernel/User page tables isolation: enabled
[    0.000000] ftrace: allocating 39392 entries in 154 pages
[    0.004000] Hierarchical RCU implementation.
[    0.004000] 	RCU restricting CPUs from NR_CPUS=8192 to nr_cpu_ids=1.
[    0.004000] 	Tasks RCU enabled.
[    0.004000] RCU: Adjusting geometry for rcu_fanout_leaf=16, nr_cpu_ids=1
[    0.004000] NR_IRQS: 524544, nr_irqs: 256, preallocated irqs: 16
[    0.004000] Console: colour VGA+ 80x25
[    0.004000] console [tty1] enabled
[    0.004000] console [ttyS0] enabled
[    0.004000] ACPI: Core revision 20170831
[    0.004000] ACPI: 2 ACPI AML tables successfully acquired and loaded
[    0.004000] APIC: Switch to symmetric I/O mode setup
[    0.004000] x2apic enabled
[    0.004000] Switched APIC routing to physical x2apic.
[    0.004000] ..TIMER: vector=0x30 apic1=0 pin1=2 apic2=-1 pin2=-1
[    0.004004] tsc: Detected 2304.000 MHz processor
[    0.004820] Calibrating delay loop (skipped) preset value.. 4608.00 BogoMIPS (lpj=9216000)
[    0.005444] pid_max: default: 32768 minimum: 301
[    0.006294] Security Framework initialized
[    0.008002] Yama: becoming mindful.
[    0.008673] AppArmor: AppArmor initialized
[    0.009541] Dentry cache hash table entries: 65536 (order: 7, 524288 bytes)
[    0.010776] Inode-cache hash table entries: 32768 (order: 6, 262144 bytes)
[    0.012008] Mount-cache hash table entries: 1024 (order: 1, 8192 bytes)
[    0.013146] Mountpoint-cache hash table entries: 1024 (order: 1, 8192 bytes)
[    0.014584] process: using mwait in idle threads
[    0.015411] Last level iTLB entries: 4KB 64, 2MB 8, 4MB 8
[    0.016001] Last level dTLB entries: 4KB 64, 2MB 0, 4MB 0, 1GB 4
[    0.017040] Spectre V1 : Mitigation: usercopy/swapgs barriers and __user pointer sanitization
[    0.018512] Spectre V2 : Mitigation: Full generic retpoline
[    0.020001] Spectre V2 : Spectre v2 / SpectreRSB mitigation: Filling RSB on context switch
[    0.021432] Speculative Store Bypass: Vulnerable
[    0.022281] SRBDS: Unknown: Dependent on hypervisor status
[    0.023233] MDS: Mitigation: Clear CPU buffers
[    0.036005] Freeing SMP alternatives memory: 36K
[    0.147122] smpboot: CPU0: Intel(R) Core(TM) i5-8259U CPU @ 2.30GHz (family: 0x6, model: 0x8e, stepping: 0xa)
[    0.148000] Performance Events: unsupported p6 CPU model 142 no PMU driver, software events only.
[    0.148000] Hierarchical SRCU implementation.
[    0.148791] NMI watchdog: Perf event create on CPU 0 failed with -2
[    0.150082] NMI watchdog: Perf NMI watchdog permanently disabled
[    0.151237] smp: Bringing up secondary CPUs ...
[    0.152002] smp: Brought up 1 node, 1 CPU
[    0.152706] smpboot: Max logical packages: 1
[    0.153451] smpboot: Total of 1 processors activated (4608.00 BogoMIPS)
[    0.154800] devtmpfs: initialized
[    0.156048] x86/mm: Memory block size: 128MB
[    0.156900] evm: security.selinux
[    0.157512] evm: security.SMACK64
[    0.158122] evm: security.SMACK64EXEC
[    0.158786] evm: security.SMACK64TRANSMUTE
[    0.159521] evm: security.SMACK64MMAP
[    0.160002] evm: security.apparmor
[    0.160626] evm: security.ima
[    0.161220] evm: security.capability
[    0.161952] clocksource: jiffies: mask: 0xffffffff max_cycles: 0xffffffff, max_idle_ns: 7645041785100000 ns
[    0.163581] futex hash table entries: 256 (order: 2, 16384 bytes)
[    0.164040] pinctrl core: initialized pinctrl subsystem
[    0.164982] RTC time: 13:47:27, date: 10/14/20
[    0.165798] NET: Registered protocol family 16
[    0.166603] audit: initializing netlink subsys (disabled)
[    0.168084] cpuidle: using governor ladder
[    0.168787] cpuidle: using governor menu
[    0.169487] ACPI: bus type PCI registered
[    0.170176] acpiphp: ACPI Hot Plug PCI Controller Driver version: 0.5
[    0.171418] PCI: Using configuration type 1 for base access
[    0.172020] audit: type=2000 audit(1602683252.576:1): state=initialized audit_enabled=0 res=1
[    0.174176] HugeTLB registered 2.00 MiB page size, pre-allocated 0 pages
[    0.175387] ACPI: Added _OSI(Module Device)
[    0.176002] ACPI: Added _OSI(Processor Device)
[    0.176754] ACPI: Added _OSI(3.0 _SCP Extensions)
[    0.177615] ACPI: Added _OSI(Processor Aggregator Device)
[    0.178511] ACPI: Added _OSI(Linux-Dell-Video)
[    0.180006] ACPI: Added _OSI(Linux-Lenovo-NV-HDMI-Audio)
[    0.180907] ACPI: Added _OSI(Linux-HPI-Hybrid-Graphics)
[    0.182092] ACPI: Executed 1 blocks of module-level executable AML code
[    0.185942] ACPI: Interpreter enabled
[    0.186588] ACPI: (supports S0 S5)
[    0.187181] ACPI: Using IOAPIC for interrupt routing
[    0.188000] PCI: Using host bridge windows from ACPI; if necessary, use "pci=nocrs" and report a bug
[    0.188171] ACPI: Enabled 2 GPEs in block 00 to 07
[    0.195828] ACPI: PCI Root Bridge [PCI0] (domain 0000 [bus 00-ff])
[    0.196006] acpi PNP0A03:00: _OSC: OS supports [ASPM ClockPM Segments MSI]
[    0.197494] acpi PNP0A03:00: _OSC: not requesting OS control; OS requires [ExtendedConfig ASPM ClockPM MSI]
[    0.199111] acpi PNP0A03:00: fail to add MMCONFIG information, can't access extended PCI configuration space under this bridge.
[    0.200409] PCI host bridge to bus 0000:00
[    0.201106] pci_bus 0000:00: root bus resource [io  0x0000-0x0cf7 window]
[    0.204002] pci_bus 0000:00: root bus resource [io  0x0d00-0xffff window]
[    0.205144] pci_bus 0000:00: root bus resource [mem 0x000a0000-0x000bffff window]
[    0.206383] pci_bus 0000:00: root bus resource [mem 0x20000000-0xfdffffff window]
[    0.208002] pci_bus 0000:00: root bus resource [bus 00-ff]
[    0.211126] pci 0000:00:01.1: legacy IDE quirk: reg 0x10: [io  0x01f0-0x01f7]
[    0.212002] pci 0000:00:01.1: legacy IDE quirk: reg 0x14: [io  0x03f6]
[    0.213069] pci 0000:00:01.1: legacy IDE quirk: reg 0x18: [io  0x0170-0x0177]
[    0.214669] pci 0000:00:01.1: legacy IDE quirk: reg 0x1c: [io  0x0376]
[    0.225437] pci 0000:00:07.0: quirk: [io  0x4000-0x403f] claimed by PIIX4 ACPI
[    0.228003] pci 0000:00:07.0: quirk: [io  0x4100-0x410f] claimed by PIIX4 SMB
[    0.235586] ACPI: PCI Interrupt Link [LNKA] (IRQs 5 9 10 *11)
[    0.236256] ACPI: PCI Interrupt Link [LNKB] (IRQs 5 9 *10 11)
[    0.237886] ACPI: PCI Interrupt Link [LNKC] (IRQs 5 *9 10 11)
[    0.240109] ACPI: PCI Interrupt Link [LNKD] (IRQs 5 9 10 *11)
[    0.241436] SCSI subsystem initialized
[    0.242255] pci 0000:00:02.0: vgaarb: setting as boot VGA device
[    0.244000] pci 0000:00:02.0: vgaarb: VGA device added: decodes=io+mem,owns=io+mem,locks=none
[    0.244006] pci 0000:00:02.0: vgaarb: bridge control possible
[    0.244986] vgaarb: loaded
[    0.245513] ACPI: bus type USB registered
[    0.248023] usbcore: registered new interface driver usbfs
[    0.248971] usbcore: registered new interface driver hub
[    0.249922] usbcore: registered new device driver usb
[    0.250844] EDAC MC: Ver: 3.0.0
[    0.252278] PCI: Using ACPI for IRQ routing
[    0.253527] NetLabel: Initializing
[    0.254158] NetLabel:  domain hash size = 128
[    0.254937] NetLabel:  protocols = UNLABELED CIPSOv4 CALIPSO
[    0.255942] NetLabel:  unlabeled traffic allowed by default
[    0.256096] clocksource: Switched to clocksource kvm-clock
[    0.268777] VFS: Disk quotas dquot_6.6.0
[    0.269850] VFS: Dquot-cache hash table entries: 512 (order 0, 4096 bytes)
[    0.271104] AppArmor: AppArmor Filesystem Enabled
[    0.271977] pnp: PnP ACPI init
[    0.273771] pnp: PnP ACPI: found 3 devices
[    0.280214] clocksource: acpi_pm: mask: 0xffffff max_cycles: 0xffffff, max_idle_ns: 2085701024 ns
[    0.281849] NET: Registered protocol family 2
[    0.282754] TCP established hash table entries: 4096 (order: 3, 32768 bytes)
[    0.284112] TCP bind hash table entries: 4096 (order: 4, 65536 bytes)
[    0.285475] TCP: Hash tables configured (established 4096 bind 4096)
[    0.286639] UDP hash table entries: 256 (order: 1, 8192 bytes)
[    0.287669] UDP-Lite hash table entries: 256 (order: 1, 8192 bytes)
[    0.288906] NET: Registered protocol family 1
[    0.289678] pci 0000:00:00.0: Limiting direct PCI/PCI transfers
[    0.290701] pci 0000:00:01.0: Activating ISA DMA hang workarounds
[    0.291822] pci 0000:00:02.0: Video device with shadowed ROM at [mem 0x000c0000-0x000dffff]
[    0.293486] Unpacking initramfs...
[    0.535427] Freeing initrd memory: 19220K
[    0.537343] clocksource: tsc: mask: 0xffffffffffffffff max_cycles: 0x2135f7c97c8, max_idle_ns: 440795273205 ns
[    0.539434] platform rtc_cmos: registered platform RTC device (no PNP device found)
[    0.541079] Scanning for low memory corruption every 60 seconds
[    0.542813] Initialise system trusted keyrings
[    0.543878] Key type blacklist registered
[    0.544733] workingset: timestamp_bits=36 max_order=17 bucket_order=0
[    0.546638] zbud: loaded
[    0.547543] squashfs: version 4.0 (2009/01/31) Phillip Lougher
[    0.548787] fuse init (API version 7.26)
[    0.550141] Key type asymmetric registered
[    0.551037] Asymmetric key parser 'x509' registered
[    0.552470] Block layer SCSI generic (bsg) driver version 0.4 loaded (major 246)
[    0.553823] io scheduler noop registered
[    0.554541] io scheduler deadline registered
[    0.555404] io scheduler cfq registered (default)
[    0.556810] ACPI: AC Adapter [AC] (on-line)
[    0.557754] input: Power Button as /devices/LNXSYSTM:00/LNXPWRBN:00/input/input0
[    0.559138] ACPI: Power Button [PWRF]
[    0.559894] input: Sleep Button as /devices/LNXSYSTM:00/LNXSLPBN:00/input/input1
[    0.561468] ACPI: Sleep Button [SLPF]
[    0.563407] ACPI: Battery Slot [BAT0] (battery present)
[    0.564487] Serial: 8250/16550 driver, 32 ports, IRQ sharing enabled
[    0.587043] 00:02: ttyS0 at I/O 0x3f8 (irq = 4, base_baud = 115200) is a 16550A
[    0.590918] Linux agpgart interface v0.103
[    0.592543] loop: module loaded
[    0.593535] scsi host0: ata_piix
[    0.594185] scsi host1: ata_piix
[    0.594811] ata1: PATA max UDMA/33 cmd 0x1f0 ctl 0x3f6 bmdma 0xd000 irq 14
[    0.596044] ata2: PATA max UDMA/33 cmd 0x170 ctl 0x376 bmdma 0xd008 irq 15
[    0.597721] libphy: Fixed MDIO Bus: probed
[    0.598466] tun: Universal TUN/TAP device driver, 1.6
[    0.599381] PPP generic driver version 2.4.2
[    0.600179] ehci_hcd: USB 2.0 'Enhanced' Host Controller (EHCI) Driver
[    0.601482] ehci-pci: EHCI PCI platform driver
[    0.602539] ehci-platform: EHCI generic platform driver
[    0.603940] ohci_hcd: USB 1.1 'Open' Host Controller (OHCI) Driver
[    0.605066] ohci-pci: OHCI PCI platform driver
[    0.605901] ohci-platform: OHCI generic platform driver
[    0.606825] uhci_hcd: USB Universal Host Controller Interface driver
[    0.607981] i8042: PNP: PS/2 Controller [PNP0303:PS2K,PNP0f03:PS2M] at 0x60,0x64 irq 1,12
[    0.609825] serio: i8042 KBD port at 0x60,0x64 irq 1
[    0.610735] serio: i8042 AUX port at 0x60,0x64 irq 12
[    0.611690] mousedev: PS/2 mouse device common for all mice
[    0.612902] input: AT Translated Set 2 keyboard as /devices/platform/i8042/serio0/input/input2
[    0.614737] rtc_cmos rtc_cmos: rtc core: registered rtc_cmos as rtc0
[    0.616196] rtc_cmos rtc_cmos: alarms up to one day, 114 bytes nvram
[    0.617316] i2c /dev entries driver
[    0.618030] device-mapper: uevent: version 1.0.3
[    0.619022] device-mapper: ioctl: 4.37.0-ioctl (2017-09-20) initialised: dm-devel@redhat.com
[    0.620851] ledtrig-cpu: registered to indicate activity on CPUs
[    0.622095] intel_pmc_core:  initialized
[    0.623005] NET: Registered protocol family 10
[    0.626417] Segment Routing with IPv6
[    0.627114] NET: Registered protocol family 17
[    0.627914] Key type dns_resolver registered
[    0.628776] mce: Using 0 MCE banks
[    0.629401] RAS: Correctable Errors collector initialized.
[    0.631077] sched_clock: Marking stable (628688122, 0)->(799387165, -170699043)
[    0.632654] registered taskstats version 1
[    0.633394] Loading compiled-in X.509 certificates
[    0.635932] Loaded X.509 cert 'Build time autogenerated kernel key: 993aedfcb7091aab7364eeb95e85a8dab512d887'
[    0.637959] zswap: loaded using pool lzo/zbud
[    0.640848] Key type big_key registered
[    0.641978] Key type trusted registered
[    0.644323] Key type encrypted registered
[    0.645550] AppArmor: AppArmor sha1 policy hashing enabled
[    0.646607] ima: No TPM chip found, activating TPM-bypass! (rc=-19)
[    0.647702] ima: Allocated hash algorithm: sha1
[    0.648580] evm: HMAC attrs: 0x1
[    0.649480]   Magic number: 8:690:786
[    0.650204] rtc_cmos rtc_cmos: setting system clock to 2020-10-14 13:47:27 UTC (1602683247)
[    0.651671] BIOS EDD facility v0.16 2004-Jun-25, 0 devices found
[    0.653258] EDD information not available.
[    0.780621] Freeing unused kernel image memory: 2436K
[    0.788751] Write protecting the kernel read-only data: 20480k
[    0.793638] Freeing unused kernel image memory: 2008K
[    0.796150] Freeing unused kernel image memory: 1872K
[    0.804786] x86/mm: Checked W+X mappings: passed, no W+X pages found.
[    0.806597] x86/mm: Checking user space page tables
[    0.814146] x86/mm: Checked W+X mappings: passed, no W+X pages found.
Loading, please wait...
starting version 237
[    0.891850] e1000: Intel(R) PRO/1000 Network Driver - version 7.3.21-k8-NAPI
[    0.893972] e1000: Copyright (c) 1999-2006 Intel Corporation.
[    0.898252] Fusion MPT base driver 3.04.20
[    0.899183] Copyright (c) 1999-2008 LSI Corporation
[    0.909850] Fusion MPT SPI Host driver 3.04.20
[    0.923409] AVX2 version of gcm_enc/dec engaged.
[    0.925065] AES CTR mode by8 optimization enabled
[    1.107255] input: ImExPS/2 Generic Explorer Mouse as /devices/platform/i8042/serio1/input/input4
[    1.303139] e1000 0000:00:03.0 eth0: (PCI:33MHz:32-bit) 02:aa:c1:7f:62:79
[    1.305168] e1000 0000:00:03.0 eth0: Intel(R) PRO/1000 Network Connection
[    1.307829] mptbase: ioc0: Initiating bringup
[    1.404527] ioc0: LSI53C1030 A0: Capabilities={Initiator}
[    1.645147] scsi host2: ioc0: LSI53C1030 A0, FwRev=00000000h, Ports=1, MaxQ=256, IRQ=20
[    1.813540] scsi 2:0:0:0: Direct-Access     VBOX     HARDDISK         1.0  PQ: 0 ANSI: 5
[    1.818686] scsi target2:0:0: Beginning Domain Validation
[    1.821938] scsi target2:0:0: Domain Validation skipping write tests
[    1.823999] scsi target2:0:0: Ending Domain Validation
[    1.825469] scsi target2:0:0: asynchronous
[    1.826759] random: fast init done
[    1.828070] scsi 2:0:1:0: Direct-Access     VBOX     HARDDISK         1.0  PQ: 0 ANSI: 5
[    1.829916] scsi target2:0:1: Beginning Domain Validation
[    1.832933] scsi target2:0:1: Domain Validation skipping write tests
[    1.834186] scsi target2:0:1: Ending Domain Validation
[    1.835240] scsi target2:0:1: asynchronous
[    1.839746] random: systemd-udevd: uninitialized urandom read (16 bytes read)
[    1.841196] random: systemd-udevd: uninitialized urandom read (16 bytes read)
[    1.842468] random: systemd-udevd: uninitialized urandom read (16 bytes read)
[    1.843896] sd 2:0:0:0: Attached scsi generic sg0 type 0
[    1.845118] sd 2:0:0:0: [sda] 20971520 512-byte logical blocks: (10.7 GB/10.0 GiB)
[    1.846489] sd 2:0:0:0: [sda] Write Protect is off
[    1.847514] sd 2:0:0:0: [sda] Incomplete mode parameter data
[    1.848511] sd 2:0:0:0: [sda] Assuming drive cache: write through
[    1.849862] sd 2:0:1:0: [sdb] 20480 512-byte logical blocks: (10.5 MB/10.0 MiB)
[    1.851137] sd 2:0:1:0: Attached scsi generic sg1 type 0
[    1.852072] sd 2:0:1:0: [sdb] Write Protect is off
[    1.852973] sd 2:0:1:0: [sdb] Incomplete mode parameter data
[    1.853943] sd 2:0:1:0: [sdb] Assuming drive cache: write through
[    1.865842]  sda: sda1
[    1.876039] sd 2:0:0:0: [sda] Attached SCSI disk
[    1.882647] sd 2:0:1:0: [sdb] Attached SCSI disk
[    2.236857] e1000 0000:00:08.0 eth1: (PCI:33MHz:32-bit) 08:00:27:7b:b1:ab
[    2.239288] e1000 0000:00:08.0 eth1: Intel(R) PRO/1000 Network Connection
[    2.242316] e1000 0000:00:08.0 enp0s8: renamed from eth1
[    2.245259] e1000 0000:00:03.0 enp0s3: renamed from eth0
Begin: Loading essential drivers ... [    3.625091] raid6: sse2x1   gen() 15529 MB/s
[    3.685139] raid6: sse2x1   xor() 10851 MB/s
[    3.736486] raid6: sse2x2   gen() 15526 MB/s
[    3.795581] raid6: sse2x2   xor() 10688 MB/s
[    3.844514] raid6: sse2x4   gen() 15448 MB/s
[    3.892034] raid6: sse2x4   xor() 11141 MB/s
[    3.946465] raid6: avx2x1   gen() 28684 MB/s
[    3.998374] raid6: avx2x1   xor() 20506 MB/s
[    4.048859] raid6: avx2x2   gen() 29519 MB/s
[    4.096255] raid6: avx2x2   xor() 17725 MB/s
[    4.147187] raid6: avx2x4   gen() 33320 MB/s
[    4.196493] raid6: avx2x4   xor() 20677 MB/s
[    4.197700] raid6: using algorithm avx2x4 gen() 33320 MB/s
[    4.199565] raid6: .... xor() 20677 MB/s, rmw enabled
[    4.200454] raid6: using avx2x2 recovery algorithm
[    4.202791] xor: automatically using best checksumming function   avx       
[    4.205207] async_tx: api initialized (async)
done.
Begin: Running /scripts/init-premount ... done.
Begin: Mounting root file system ... Begin: Running /scripts/local-top ... done.
Begin: Running /scripts/local-premount ... [    4.251440] Btrfs loaded, crc32c=crc32c-intel
Scanning for Btrfs filesystems
done.
Warning: fsck not present, so skipping root file system
[    4.280179] EXT4-fs (sda1): mounted filesystem with ordered data mode. Opts: (null)
done.
Begin: Running /scripts/local-bottom ... done.
Begin: Running /scripts/init-bottom ... done.
[    4.425053] ip_tables: (C) 2000-2006 Netfilter Core Team
[    4.433659] systemd[1]: systemd 237 running in system mode. (+PAM +AUDIT +SELINUX +IMA +APPARMOR +SMACK +SYSVINIT +UTMP +LIBCRYPTSETUP +GCRYPT +GNUTLS +ACL +XZ +LZ4 +SECCOMP +BLKID +ELFUTILS +KMOD -IDN2 +IDN -PCRE2 default-hierarchy=hybrid)
[    4.437454] systemd[1]: Detected virtualization oracle.
[    4.438391] systemd[1]: Detected architecture x86-64.

Welcome to [1mUbuntu 18.04.5 LTS[0m!

[    4.442345] systemd[1]: Set hostname to <ubuntu>.
[    4.446657] systemd[1]: Initializing machine ID from random generator.
[    4.447920] systemd[1]: Installed transient /etc/machine-id file.
[    4.670935] systemd[1]: Reached target System Time Synchronized.
[[0;32m  OK  [0m] Reached target System Time Synchronized.
[    4.673069] systemd[1]: Started Forward Password Requests to Wall Directory Watch.
[[0;32m  OK  [0m] Started Forward Password Requests to Wall Directory Watch.
[    4.676360] systemd[1]: Created slice User and Session Slice.
[[0;32m  OK  [0m] Created slice User and Session Slice.
[    4.678451] systemd[1]: Created slice System Slice.
[[0;32m  OK  [0m] Created slice System Slice.
[[0;32m  OK  [0m] Listening on Journal Socket (/dev/log).
[[0;32m  OK  [0m] Created slice system-serial\x2dgetty.slice.
[[0;32m  OK  [0m] Listening on Syslog Socket.
[[0;32m  OK  [0m] Listening on udev Kernel Socket.
[[0;32m  OK  [0m] Listening on Device-mapper event daemon FIFOs.
[[0;32m  OK  [0m] Listening on LVM2 poll daemon socket.
[[0;32m  OK  [0m] Listening on udev Control Socket.
[[0;32m  OK  [0m] Reached target Slices.
[[0;32m  OK  [0m] Listening on Network Service Netlink Socket.
[[0;32m  OK  [0m] Listening on /dev/initctl Compatibility Named Pipe.
[[0;32m  OK  [0m] Set up automount Arbitrary Executabâ€¦rmats File System Automount Point.
[[0;32m  OK  [0m] Listening on LVM2 metadata daemon socket.
[[0;32m  OK  [0m] Listening on Journal Socket.
         Mounting Huge Pages File System...
         Starting Load Kernel Modules...
         Starting udev Coldplug all Devices...
         Mounting Kernel Debug File System...
         Starting Monitoring of LVM2 mirrorsâ€¦ng dmeventd or progress polling...
[    4.718911] Loading iSCSI transport class v2.0-870.
         Starting Create list of required stâ€¦ce nodes for the current kernel...
         Mounting POSIX Message Queue File System...
[    4.729678] iscsi: registered transport (tcp)
         Starting Remount Root and Kernel File Systems...
         Starting Set the console keyboard layout...
[    4.751244] iscsi: registered transport (iser)
[[0;32m  OK  [0m] Reached target User and Group Name Lookups.
[[0;32m  OK  [0m] Listening on Journal Audit Socket.
[    4.830777] EXT4-fs (sda1): re-mounted. Opts: (null)
         Starting Journal Service...
[[0;32m  OK  [0m] Reached target Swap.
         Starting Uncomplicated firewall...
[[0;32m  OK  [0m] Mounted Huge Pages File System.
[[0;32m  OK  [0m] Started Load Kernel Modules.
[[0;32m  OK  [0m] Mounted Kernel Debug File System.
[[0;32m  OK  [0m] Started Create list of required staâ€¦vice nodes for the current kernel.
[[0;32m  OK  [0m] Mounted POSIX Message Queue File System.
[[0;32m  OK  [0m] Started Remount Root and Kernel File Systems.
[[0;32m  OK  [0m] Started Uncomplicated firewall.
[[0;32m  OK  [0m] Started LVM2 metadata daemon.
         Starting Load/Save Random Seed...
         Starting Create Static Device Nodes in /dev...
         Mounting FUSE Control File System...
         Mounting Kernel Configuration File System...
         Starting Apply Kernel Variables...
[[0;32m  OK  [0m] Mounted FUSE Control File System.
[[0;32m  OK  [0m] Mounted Kernel Configuration File System.
[[0;32m  OK  [0m] Started Journal Service.
         Starting Flush Journal to Persistent Storage...
[[0;32m  OK  [0m] Started Create Static Device Nodes in /dev.
         Starting udev Kernel Device Manager...
[[0;32m  OK  [0m] Started Monitoring of LVM2 mirrors,â€¦sing dmeventd or progress polling.
[[0;32m  OK  [0m] Started Load/Save Random Seed.
[[0;32m  OK  [0m] Started udev Coldplug all Devices.
[[0;32m  OK  [0m] Started udev Kernel Device Manager.
[[0;32m  OK  [0m] Started Apply Kernel Variables.
[[0;32m  OK  [0m] Started Set the console keyboard layout.
[[0;32m  OK  [0m] Reached target Local File Systems (Pre).
[[0;32m  OK  [0m] Reached target Local File Systems.
         Starting AppArmor initialization...
         Starting Commit a transient machine-id on disk...
         Starting Tell Plymouth To Write Out Runtime Data...
         Starting ebtables ruleset management...
         Starting Set console font and keymap...
[[0;32m  OK  [0m] Started Dispatch Password Requests to Console Directory Watch.
[[0;32m  OK  [0m] Reached target Local Encrypted Volumes.
[[0;32m  OK  [0m] Started Flush Journal to Persistent Storage.
         Starting Create Volatile Files and Directories...
[[0;32m  OK  [0m] Started Set console font and keymap.
[[0;32m  OK  [0m] Started Tell Plymouth To Write Out Runtime Data.
[[0;32m  OK  [0m] Started Commit a transient machine-id on disk.
[[0;32m  OK  [0m] Started Create Volatile Files and Directories.
         Starting Update UTMP about System Boot/Shutdown...
[[0;32m  OK  [0m] Started Update UTMP about System Boot/Shutdown.
[[0;32m  OK  [0m] Started ebtables ruleset management.
[[0;32m  OK  [0m] Found device /dev/ttyS0.
[[0;32m  OK  [0m] Listening on Load/Save RF Kill Switch Status /dev/rfkill Watch.
[[0;32m  OK  [0m] Started AppArmor initialization.
         Starting Initial cloud-init job (pre-networking)...
         Starting Load AppArmor profiles managed internally by snapd...
[[0;32m  OK  [0m] Started Load AppArmor profiles managed internally by snapd.
[    7.299422] cloud-init[551]: Cloud-init v. 20.2-45-g5f7825e2-0ubuntu1~18.04.1 running 'init-local' at Wed, 14 Oct 2020 13:47:33 +0000. Up 6.99 seconds.
[[0;32m  OK  [0m] Started Initial cloud-init job (pre-networking).
[[0;32m  OK  [0m] Reached target Network (Pre).
         Starting Network Service...
[[0;32m  OK  [0m] Started Network Service.
         Starting Wait for Network to be Configured...
         Starting Network Name Resolution...
[[0;32m  OK  [0m] Started Network Name Resolution.
[[0;32m  OK  [0m] Reached target Network.
[[0;32m  OK  [0m] Reached target Host and Network Name Lookups.
[[0;32m  OK  [0m] Started Wait for Network to be Configured.
         Starting Initial cloud-init job (metadata service crawler)...
[    9.394251] cloud-init[640]: Cloud-init v. 20.2-45-g5f7825e2-0ubuntu1~18.04.1 running 'init' at Wed, 14 Oct 2020 13:47:36 +0000. Up 9.27 seconds.
[    9.404298] cloud-init[640]: ci-info: ++++++++++++++++++++++++++++++++++++++Net device info+++++++++++++++++++++++++++++++++++++++
[    9.416397] cloud-init[640]: ci-info: +--------+-------+----------------------------+---------------+--------+-------------------+
[    9.428175] cloud-init[640]: ci-info: | Device |   Up  |          Address           |      Mask     | Scope  |     Hw-Address    |
[    9.440422] cloud-init[640]: ci-info: +--------+-------+----------------------------+---------------+--------+-------------------+
[    9.452215] cloud-init[640]: ci-info: | enp0s3 |  True |         10.0.2.15          | 255.255.255.0 | global | 02:aa:c1:7f:62:79 |
[    9.453541] cloud-init[640]: ci-info: | enp0s3 |  True | fe80::aa:c1ff:fe7f:6279/64 |       .       |  link  | 02:aa:c1:7f:62:79 |
[    9.455313] cloud-init[640]: ci-info: | enp0s8 | False |             .              |       .       |   .    | 08:00:27:7b:b1:ab |
[    9.458601] cloud-init[640]: ci-info: |   lo   |  True |         127.0.0.1          |   255.0.0.0   |  host  |         .         |
[    9.463090] cloud-init[640]: ci-info: |   lo   |  True |          ::1/128           |       .       |  host  |         .         |
[    9.465110] cloud-init[640]: ci-info: +--------+-------+----------------------------+---------------+--------+-------------------+
[    9.467144] cloud-init[640]: ci-info: ++++++++++++++++++++++++++++Route IPv4 info+++++++++++++++++++++++++++++
[    9.468735] cloud-init[640]: ci-info: +-------+-------------+----------+-----------------+-----------+-------+
[    9.470176] cloud-init[640]: ci-info: | Route | Destination | Gateway  |     Genmask     | Interface | Flags |
[    9.471863] cloud-init[640]: ci-info: +-------+-------------+----------+-----------------+-----------+-------+
[    9.473666] cloud-init[640]: ci-info: |   0   |   0.0.0.0   | 10.0.2.2 |     0.0.0.0     |   enp0s3  |   UG  |
[    9.475461] cloud-init[640]: ci-info: |   1   |   10.0.2.0  | 0.0.0.0  |  255.255.255.0  |   enp0s3  |   U   |
[    9.478172] cloud-init[640]: ci-info: |   2   |   10.0.2.2  | 0.0.0.0  | 255.255.255.255 |   enp0s3  |   UH  |
[    9.480303] cloud-init[640]: ci-info: +-------+-------------+----------+-----------------+-----------+-------+
[    9.482018] cloud-init[640]: ci-info: +++++++++++++++++++Route IPv6 info+++++++++++++++++++
[    9.483637] cloud-init[640]: ci-info: +-------+-------------+---------+-----------+-------+
[    9.490201] cloud-init[640]: ci-info: | Route | Destination | Gateway | Interface | Flags |
[    9.491999] cloud-init[640]: ci-info: +-------+-------------+---------+-----------+-------+
[    9.496257] cloud-init[640]: ci-info: |   1   |  fe80::/64  |    ::   |   enp0s3  |   U   |
[    9.499631] cloud-init[640]: ci-info: |   3   |    local    |    ::   |   enp0s3  |   U   |
[    9.512521] cloud-init[640]: ci-info: |   4   |   ff00::/8  |    ::   |   enp0s3  |   U   |
[    9.525791] cloud-init[640]: ci-info: +-------+-------------+---------+-----------+-------+
[   10.079411] cloud-init[640]: Generating public/private rsa key pair.
[   10.080148] cloud-init[640]: Your identification has been saved in /etc/ssh/ssh_host_rsa_key.
[   10.080833] cloud-init[640]: Your public key has been saved in /etc/ssh/ssh_host_rsa_key.pub.
[   10.094209] cloud-init[640]: The key fingerprint is:
[   10.104907] cloud-init[640]: SHA256:9xjthYuIF/S4W/HAUYes1vUiKWtBlCNT94c/0NkzlJ0 root@ubuntu-bionic
[   10.125832] cloud-init[640]: The key's randomart image is:
[[0;32m  OK  [0m] Started Initial cloud-init job (metadata service crawler).
[[0;32m  OK  [0m] Reached target System Initialization.
[[0;32m  OK  [0m] Listening on Open-iSCSI iscsid Socket.
[   10.141117] cloud-init[640]: +---[RSA 2048]----+
[[0;32m  OK  [0m] Listening on UUID daemon activation socket.
[[0;32m  OK  [0m] Started Message of the Day.
[[0;32m  OK  [0m] Listening on ACPID Listen Socket.
[   10.152619] cloud-init[640]: |         oooo...+|
[   10.153660] [[0;32m  OK  [0m] Started ACPI Events Check.
[[0;32m  OK  [0m] Reached target Paths.
[[0;32m  OK  [0m] Started Discard unused blocks once a week.
[[0;32m  OK  [0m] Listening on D-Bus System Message Bus Socket.
         Starting Socket activation for snappy daemon.cloud-init[640]: |        o +ooo+E+|
[   10.161616] cloud-init[640]: |        .+.+ +o*o|
[   10.162391] cloud-init[640]: |       . +=o+.oo+|
[   10.163179] cloud-init[640]: |        S.B+o..o.|
[   10.163934] 
[[0;32m  OK  [0m] Started Daily apt download activities.
[[0;32m  OK  [0m] Started Daily apt upgrade and clean activities.
[[0;32m  OK  [0m] Started Daily Cleanup of Temporary Directories.
         Starting LXD - unix socket.
[[0;32m  OK  [0m] Reached target Timers.
[[0;32m  OK  [0m] Reached target Cloud-config availability.
[[0;32m  OK  [0m] Reached target Network is Online.
cloud-init[640]: |       . =oX o  .|
         Starting Availability of block devices...
[[0;32m  OK  [0m] Reached target Remote File Systems (Pre).
[[0;32m  OK  [0m] Reached target Remote File Systems.
[[0;32m  OK  [0m] Listening on Socket activation for snappy daemon.
[[0;32m  OK  [0m] Listening on LXD - unix socket.
[   10.179343] cloud-init[640]: |      . +.+ =    |
[   10.248817] cloud-init[640]: |       . o       |
[[0;32m  OK  [0m] Started Availability of block devices.
[[0;32m  OK  [0m] Reached target Sockets.
[[0;32m  OK  [0m] Reached target Basic System.
[   10.267111] cloud-init[640]:          Starting Dispatcher daemon for systemd-networkd...
|        .        |
         [   10.288341] cloud-init[640]: +----[SHA256]-----+
[   10.288494] cloud-init[640]: Generating public/private dsa key pair.
[   10.288586] cloud-init[640]: Your identification has been saved in /etc/ssh/ssh_host_dsa_key.
[   10.288740] cloud-init[640]: Your public key has been saved in /etc/ssh/ssh_host_dsa_key.pub.
[   10.288826] cloud-init[640]: The key fingerprint is:
[   10.288919] cloud-init[640]: SHA256:u2JP5gBJKS1wJOdGq5LFFh70tzrgGdeaKhcRkUGYB0o root@ubuntu-bionic
[   10.289011] cloud-init[640]: The key's randomart image is:
[   10.289100] cloud-init[640]: +---[DSA 1024]----+
Starting LSB: Record successful boot for GRUB...
[[0;32m  OK  [0m] Started FUSE filesystem for LXC.
[[0;32m  OK  [0m] Started Regular background program processing daemon.
         Starting LXD - container startup/shutdown...
         Starting Pollinate to seed the pseudo random number generator...
         Starting LSB: automatic crash report generation...
         Starting Accounts Service...
[[0;32m  OK  [0m] Started Deferred execution scheduler.
         Starting System Logging Service...
[   10.290078] cloud-init[640]: |+E%+             |
         Starting Login Service...
[[0;32m  OK  [0m] Started D-Bus System Message Bus.
[   10.338585] cloud-init[640]: |=X+* .           |
[   10.343286] cloud-init[640]: |..@.= .          |
[   10.344684] cloud-init[640]: | *.+ + .         |
[   10.347655] cloud-init[640]: |+ o.+ o S        |
[   10.351450] cloud-init[640]: |...= =   .       |
[   10.355278] cloud-init[640]: |  o.= . +        |
[   10.359174] cloud-init[640]: |. .. .o= .       |
[   10.364743] cloud-init[640]: | o.  . o+        |
[   10.368840] cloud-init[640]: +----[SHA256]-----+
[   10.375250] cloud-init[640]: Generating public/private ecdsa key pair.
[   10.380958] cloud-init[640]: Your identification has been saved in /etc/ssh/ssh_host_ecdsa_key.
[   10.388311] cloud-init[640]: Your public key has been saved in /etc/ssh/ssh_host_ecdsa_key.pub.
[   10.395798] cloud-init[640]: The key fingerprint is:
[   10.401974] cloud-init[640]: SHA256:Ng9OG8ydCouYe360YFhUhZlWG736tMUUlRwz+1/Ph3A root@ubuntu-bionic
[   10.411533] cloud-init[640]: The key's randomart image is:
[   10.415840] cloud-init[640]: +---[ECDSA 256]---+
[   10.418103] cloud-init[640]: |     ..*+.   o=o |
[   10.421230] cloud-init[640]: |    . =  o. . o+ |
[   10.425448] cloud-init[640]: |   . .  .  . ..  |
[   10.426791] cloud-init[640]: |    .  o ....  . |
[   10.434975] cloud-init[640]: |   o  . S.oo. E o|
[   10.437284] cloud-init[640]: |  .oo..*.B. oo o+|
[   10.441987] cloud-init[640]: |  o..o..+o.o  . =|
[   10.444500] cloud-init[640]: |   .. o   o     .|
[   10.445978] cloud-init[640]: |  .o..           |
[   10.450398] cloud-init[640]: +----[SHA256]-----+
[   10.454315] cloud-init[640]: Generating public/private ed25519 key pair.
[   10.462082] cloud-init[640]: Your identification has been saved in /etc/ssh/ssh_host_ed25519_key.
[   10.465342] cloud-init[640]: Your public key has been saved in /etc/ssh/ssh_host_ed25519_key.pub.
[   10.467648] cloud-init[640]: The key fingerprint is:
[   10.469631] cloud-init[640]: SHA256:Uval1kH3K6/h7H3azRBuWjt8PKgIrXx+cDA+3/gcloo root@ubuntu-bionic
[   10.472561] cloud-init[640]: The key's randomart image is:
[   10.476521] cloud-init[640]: +--[ED25519 256]--+
[   10.479813] cloud-init[640]: |            . .  |
[   10.486404] cloud-init[640]: |           . . . |
[   10.488111] cloud-init[640]: |        o   o   .|
[   10.489241] cloud-init[640]: |       o + + .  .|
[   10.490803] cloud-init[640]: |      . S * .... |
[   10.494307] cloud-init[640]: |       ..= . .+. |
[   10.498350] cloud-init[640]: |       . .= o**o |
[   10.501567] cloud-init[640]: |      . o.o+**B*=|
         Starting Virtualbox guest utils...
[   10.510545] cloud-init[640]: |       ooE.o=Bo=*|
[   10.511867] cloud-init[640]: +----[SHA256]-----+
[[0;32m  OK  [0m] Started irqbalance daemon.
         Starting Snap Daemon...
         Starting Permit User Sessions...
[[0;32m  OK  [0m] Started System Logging Service.
[[0;32m  OK  [0m] Started LXD - container startup/shutdown.
[[0;32m  OK  [0m] Started Login Service.
[[0;32m  OK  [0m] Started Permit User Sessions.
         Starting Hold until boot process finishes up...
         Starting Terminate Plymouth Boot Screen...
         Starting Authorization Manager...
[[0;32m  OK  [0m] Started Unattended Upgrades Shutdown.
[[0;32m  OK  [0m] Started Hold until boot process finishes up.
[[0;32m  OK  [0m] Started Terminate Plymouth Boot Screen.
[[0;32m  OK  [0m] Started Serial Getty on ttyS0.
         Starting Set console scheme...
[[0;32m  OK  [0m] Started Set console scheme.
[[0;32m  OK  [0m] Created slice system-getty.slice.
[[0;32m  OK  [0m] Started Getty on tty1.
[[0;32m  OK  [0m] Reached target Login Prompts.
[[0;32m  OK  [0m] Started LSB: automatic crash report generation.
[[0;32m  OK  [0m] Started LSB: Record successful boot for GRUB.
[[0;32m  OK  [0m] Started Authorization Manager.
[[0;32m  OK  [0m] Started Accounts Service.
[[0;32m  OK  [0m] Started Virtualbox guest utils.
[[0;32m  OK  [0m] Started Dispatcher daemon for systemd-networkd.
[[0;32m  OK  [0m] Started Snap Daemon.
         Starting Wait until snapd is fully seeded...
[[0;32m  OK  [0m] Started Wait until snapd is fully seeded.
         Starting Apply the settings specified in cloud-config...
[   13.081965] cloud-init[1009]: Cloud-init v. 20.2-45-g5f7825e2-0ubuntu1~18.04.1 running 'modules:config' at Wed, 14 Oct 2020 13:47:39 +0000. Up 12.72 seconds.
[[0;32m  OK  [0m] Started Apply the settings specified in cloud-config.

Ubuntu 18.04.5 LTS ubuntu-bionic ttyS0

ubuntu-bionic login: ci-info: no authorized SSH keys fingerprints found for user ubuntu.
<14>Oct 14 13:47:44 ec2: 
<14>Oct 14 13:47:44 ec2: #############################################################
<14>Oct 14 13:47:44 ec2: -----BEGIN SSH HOST KEY FINGERPRINTS-----
<14>Oct 14 13:47:44 ec2: 1024 SHA256:u2JP5gBJKS1wJOdGq5LFFh70tzrgGdeaKhcRkUGYB0o root@ubuntu-bionic (DSA)
<14>Oct 14 13:47:44 ec2: 256 SHA256:Ng9OG8ydCouYe360YFhUhZlWG736tMUUlRwz+1/Ph3A root@ubuntu-bionic (ECDSA)
<14>Oct 14 13:47:44 ec2: 256 SHA256:Uval1kH3K6/h7H3azRBuWjt8PKgIrXx+cDA+3/gcloo root@ubuntu-bionic (ED25519)
<14>Oct 14 13:47:44 ec2: 2048 SHA256:9xjthYuIF/S4W/HAUYes1vUiKWtBlCNT94c/0NkzlJ0 root@ubuntu-bionic (RSA)
<14>Oct 14 13:47:44 ec2: -----END SSH HOST KEY FINGERPRINTS-----
<14>Oct 14 13:47:44 ec2: #############################################################
-----BEGIN SSH HOST KEY KEYS-----
ecdsa-sha2-nistp256 AAAAE2VjZHNhLXNoYTItbmlzdHAyNTYAAAAIbmlzdHAyNTYAAABBBC0SX9qafC94nJz83Qdugt3c+7flIKCI3nSy2blvjm+QaUVEndrgXiwam3Njwj+aC4Y3Fo8j1H9T8wHEmzl3c5o= root@ubuntu-bionic
ssh-ed25519 AAAAC3NzaC1lZDI1NTE5AAAAICbMdYnC+vpS/v1TOM4XbqxjwolgCVLCz17kUKTI6dca root@ubuntu-bionic
ssh-rsa AAAAB3NzaC1yc2EAAAADAQABAAABAQCk4JLP7nhGRR+BrOrXT6wZ6lqI6JPpeGs1AuYR9kfcOqBPORomZCnzywuNMhv/kAd3+5AQTsLowz513B4gLnXNQ1rWdd3TIOrk4sRxVl9vux4Ghm4q4rddqdRi2JU3wUAvk3YfEoSxPuMe93HV3QOp8MFmNTJE/S7Pek2wtbnWpc/bS+vuAyS1gcWSJa1/Qzr9Jqu76rkxvIYmk+0iJ/jKA685R7Ds5sXa1qNnh8vCcnycsAfsjBnhJ3OIf2A88Zs/lvrF+vVaOJSPPRGt+uLC45mECIOeQNAavWoYe1bGBadyF8+EJZJAn2oPASNEh9+sU2A+k0JNdH6RBcueM5MB root@ubuntu-bionic
-----END SSH HOST KEY KEYS-----
[   17.829553] cloud-init[1106]: Cloud-init v. 20.2-45-g5f7825e2-0ubuntu1~18.04.1 running 'modules:final' at Wed, 14 Oct 2020 13:47:44 +0000. Up 17.45 seconds.
[   17.829795] cloud-init[1106]: ci-info: no authorized SSH keys fingerprints found for user ubuntu.
[   17.829939] cloud-init[1106]: Cloud-init v. 20.2-45-g5f7825e2-0ubuntu1~18.04.1 finished at Wed, 14 Oct 2020 13:47:44 +0000. Datasource DataSourceNoCloud [seed=/dev/sdb][dsmode=net].  Up 17.82 seconds
[[0;32m  OK  [0m] Stopped Unattended Upgrades Shutdown.
         Unmounting /vagrant...
         Stopping User Manager for UID 1000...
         Stopping Session 13 of user vagrant.
[[0;32m  OK  [0m] Stopped target Timers.
[[0;32m  OK  [0m] Stopped target Cloud-init target.
         Stopping Authorization Manager...
[[0;32m  OK  [0m] Stopped Daily Cleanup of Temporary Directories.
[[0;32m  OK  [0m] Stopped target Graphical Interface.
         Stopping Accounts Service...
         Stopping Availability of block devices...
[[0;32m  OK  [0m] Stopped target Host and Network Name Lookups.
[[0;32m  OK  [0m] Stopped Discard unused blocks once a week.
[[0;32m  OK  [0m] Stopped Daily apt upgrade and clean activities.
[[0;32m  OK  [0m] Stopped Daily apt download activities.
[[0;32m  OK  [0m] Stopped Message of the Day.
[[0;32m  OK  [0m] Stopped target System Time Synchronized.
[[0;32m  OK  [0m] Stopped Execute cloud user/final scripts.
[[0;32m  OK  [0m] Stopped Apply the settings specified in cloud-config.
[[0;32m  OK  [0m] Stopped target Cloud-config availability.
[[0;32m  OK  [0m] Stopped target Multi-User System.
[[0;32m  OK  [0m] Stopped Wait until snapd is fully seeded.
         Stopping LXD - container startup/shutdown...
         Stopping FUSE filesystem for LXC...
         Stopping LSB: Record successful boot for GRUB...
         Stopping OpenBSD Secure Shell server...
         Stopping Deferred execution scheduler...
         Stopping D-Bus System Message Bus...
         Stopping LSB: automatic crash report generation...
[[0;32m  OK  [0m] Stopped target Login Prompts.
         Stopping Serial Getty on ttyS0...
         Stopping Getty on tty1...
         Stopping System Logging Service...
         Stopping Dispatcher daemon for systemd-networkd...
         Stopping Docker Application Container          Stopping Virtualbox guest utils...
         Stopping Regular background program processing daemon...
[[0;32m  OK  [0m] Closed Load/Save RF Kill Switch Status /dev/rfkill Watch.
[[0;32m  OK  [0m] Unmounted /var/lib/lxcfs.
[[0;32m  OK  [0m] Stopped Dispatcher daemon for systemd-networkd.
[[0;32m  OK  [0m] Stopped Regular background program processing daemon.
[[0;32m  OK  [0m] Stopped Accounts Service.
[[0;32m  OK  [0m] Stopped Deferred execution scheduler.
[[0;32m  OK  [0m] Stopped System Logging Service.
[[0;32m  OK  [0m] Stopped Authorization Manager.
[[0;32m  OK  [0m] Stopped Serial Getty on ttyS0.
[[0;32m  OK  [0m] Stopped Getty on tty1.
[[0;32m  OK  [0m] Stopped OpenBSD Secure Shell server.
[[0;32m  OK  [0m] Stopped User Manager for UID 1000.
[[0;32m  OK  [0m] Unmounted /vagrant.
[[0;32m  OK  [0m] Stopped D-Bus System Message Bus.
[[0;32m  OK  [0m] Stopped FUSE filesystem for LXC.
[[0;32m  OK  [0m] Stopped Session 13 of user vagrant.
[[0;32m  OK  [0m] Stopped LXD - container startup/shutdown.
[[0;32m  OK  [0m] Removed slice User Slice of vagrant.
         Stopping Login Service...
[[0;32m  OK  [0m] Removed slice system-getty.slice.
[[0;32m  OK  [0m] Removed slice system-serial\x2dgetty.slice.
         Stopping Permit User Sessions...
[[0;32m  OK  [0m] Stopped Login Service.
[[0;32m  OK  [0m] Stopped Availability of block devices.
[[0;32m  OK  [0m] Stopped Permit User Sessions.
[[0;32m  OK  [0m] Stopped target User and Group Name Lookups.
[[0;32m  OK  [0m] Stopped LSB: Record successful boot for GRUB.
[[0;32m  OK  [0m] Stopped LSB: automatic crash report generation.
[[0;32m  OK  [0m] Stopped target Remote File Systems.
[[0;32m  OK  [0m] Stopped target Remote File Systems (Pre).
[[0;32m  OK  [0m] Stopped Virtualbox guest utils.
[[0;32m  OK  [0m] Unmounted /run/docker/netns/118b80e0307f.
[[0;32m  OK  [0m] Unmounted /var/lib/docker/overlay2/â€¦af3848a948bc31fd71c537076c/merged.
[[0;32m  OK  [0m] Stopped Docker Application Container Engine.
         Stopping containerd container runtime...
[[0;32m  OK  [0m] Stopped target Network is Online.
[[0;32m  OK  [0m] Stopped containerd container runtime.
[[0;32m  OK  [0m] Stopped target Basic System.
[[0;32m  OK  [0m] Stopped target Paths.
[[0;32m  OK  [0m] Stopped ACPI Events Check.
[[0;32m  OK  [0m] Stopped target Slices.
[[0;32m  OK  [0m] Removed slice User and Session Slice.
[[0;32m  OK  [0m] Stopped target Sockets.
[[0;32m  OK  [0m] Closed Docker Socket for the API.
[[0;32m  OK  [0m] Closed UUID daemon activation socket.
[[0;32m  OK  [0m] Closed ACPID Listen Socket.
[[0;32m  OK  [0m] Closed Open-iSCSI iscsid Socket.
[[0;32m  OK  [0m] Closed Socket activation for snappy daemon.
[[0;32m  OK  [0m] Closed D-Bus System Message Bus Socket.
[[0;32m  OK  [0m] Closed Syslog Socket.
[[0;32m  OK  [0m] Closed LXD - unix socket.
[[0;32m  OK  [0m] Stopped target Network.
         Stopping Network Name Resolution...
[[0;32m  OK  [0m] Stopped target System Initialization.
[[0;32m  OK  [0m] Stopped target Local Encrypted Volumes.
[[0;32m  OK  [0m] Stopped Forward Password Requests to Wall Directory Watch.
[[0;32m  OK  [0m] Stopped Dispatch Password Requests to Console Directory Watch.
         Stopping Update UTMP about System Boot/Shutdown...
[[0;32m  OK  [0m] Stopped Commit a transient machine-id on disk.
         Stopping Load/Save Random Seed...
[[0;32m  OK  [0m] Stopped Initial cloud-init job (metadata service crawler).
[[0;32m  OK  [0m] Stopped Network Name Resolution.
[[0;32m  OK  [0m] Stopped Load/Save Random Seed.
         Stopping Network Service...
[[0;32m  OK  [0m] Stopped Update UTMP about System Boot/Shutdown.
[[0;32m  OK  [0m] Stopped Create Volatile Files and Directories.
[[0;32m  OK  [0m] Stopped target Local File Systems.
         Unmounting /run/user/1000...
[[0;32m  OK  [0m] Unmounted /run/user/1000.
[[0;32m  OK  [0m] Stopped Network Service.
[[0;32m  OK  [0m] Stopped target Network (Pre).
[[0;32m  OK  [0m] Stopped Initial cloud-init job (pre-networking).
[[0;32m  OK  [0m] Stopped Apply Kernel Variables.
[[0;32m  OK  [0m] Stopped Load Kernel Modules.
[[0;32m  OK  [0m] Reached target Unmount All Filesystems.
[[0;32m  OK  [0m] Stopped target Swap.
[[0;32m  OK  [0m] Stopped target Local File Systems (Pre).
[[0;32m  OK  [0m] Stopped Create Static Device Nodes in /dev.
         Stopping Monitoring of LVM2 mirrorsâ€¦ng dmeventd or progress polling...
[[0;32m  OK  [0m] Stopped Remount Root and Kernel File Systems.
[[0;32m  OK  [0m] Reached target Shutdown.
[[0;32m  OK  [0m] Reached target Final Step.
         Starting Power-Off...
[ 7317.710900] reboot: Power down
